// Vitest Snapshot v1, https://vitest.dev/guide/snapshot.html

exports[`generateDisplaceShaderCode > matches the snapshot with mock vertex template 1`] = `
"> UNIFORMS
struct NodeGraphUniforms {
  unif1: f32,
  unif2: vec3f
}
@group(2) @binding(0) var<uniform> nodeGraphUniforms : NodeGraphUniforms;

> UTILS


> BODY CODE
  let unif2_y = unif2.x;
  let height_out = unif1 + unif2_y;

> HEIGHT KEY
height_out
"
`;
